// Jest Snapshot v1, https://goo.gl/fbAQLP

exports[`Input prompt renders in done state 1`] = `"? Question: [36manswer[39m"`;

exports[`Input prompt renders in idle state 1`] = `"? Question: answer"`;

exports[`Input prompt supports defaults 1`] = `"? Question:[2m (foo)[22m "`;

exports[`Input prompt supports defaults 2`] = `"? Question: "`;

exports[`Input prompt supports defaults 3`] = `"? Question: [36mbar[39m"`;
